    Finished `test` profile [unoptimized + debuginfo] target(s) in 0.37s
     Running unittests src/main.rs (target/debug/deps/timeline-a1f427d5724ca989)

running 1 test

thread 'review::tests::test_priority_review_generation' (68119) panicked at crates/movie-radio-timeline/src/review.rs:347:9:
assertion failed: html.contains("Priority Review Candidates")
note: run with `RUST_BACKTRACE=1` environment variable to display a backtrace
test review::tests::test_priority_review_generation ... FAILED

failures:

failures:
    review::tests::test_priority_review_generation

test result: FAILED. 0 passed; 1 failed; 0 ignored; 0 measured; 14 filtered out; finished in 0.00s

error: test failed, to rerun pass `-p movie-radio-timeline --bin timeline`
